src/components/BrandInsightSelector.tsx(4,75): error TS2307: Cannot find module '@/components/ui/card' or its corresponding type declarations.
src/components/BrandInsightSelector.tsx(5,24): error TS2307: Cannot find module '@/components/ui/button' or its corresponding type declarations.
src/components/BrandInsightSelector.tsx(6,23): error TS2307: Cannot find module '@/components/ui/badge' or its corresponding type declarations.
src/components/BrandInsightSelector.tsx(7,23): error TS2307: Cannot find module '@/components/ui/input' or its corresponding type declarations.
src/components/BrandInsightSelector.tsx(8,79): error TS2307: Cannot find module '@/components/ui/select' or its corresponding type declarations.
src/components/BrandInsightSelector.tsx(9,28): error TS2307: Cannot find module '@/components/ui/scroll-area' or its corresponding type declarations.
src/components/BrandInsightSelector.tsx(11,26): error TS2307: Cannot find module '@/components/ui/use-toast' or its corresponding type declarations.
src/components/BrandInsightSelector.tsx(12,27): error TS2307: Cannot find module '@/lib/api' or its corresponding type declarations.
src/components/BrandInsightSelector.tsx(13,101): error TS2307: Cannot find module '@/lib/api' or its corresponding type declarations.
src/components/BrandInsightSelector.tsx(14,20): error TS2307: Cannot find module '@/lib/utils' or its corresponding type declarations.
src/components/BrandInsightSelector.tsx(240,24): error TS7006: Parameter 'e' implicitly has an 'any' type.
src/components/BrandInsightSelector.tsx(309,49): error TS7006: Parameter 'item' implicitly has an 'any' type.
src/components/BrandInsightSelector.tsx(309,55): error TS7006: Parameter 'idx' implicitly has an 'any' type.
src/components/BrandInsightSelector.tsx(317,45): error TS7006: Parameter 'item' implicitly has an 'any' type.
src/components/BrandInsightSelector.tsx(317,51): error TS7006: Parameter 'idx' implicitly has an 'any' type.
src/components/BrandInsightSelector.tsx(325,46): error TS7006: Parameter 'item' implicitly has an 'any' type.
src/components/BrandInsightSelector.tsx(325,52): error TS7006: Parameter 'idx' implicitly has an 'any' type.
src/components/LiveGenerationFeed.tsx(2,58): error TS2307: Cannot find module '@/components/ui/card' or its corresponding type declarations.
src/components/LiveGenerationFeed.tsx(3,23): error TS2307: Cannot find module '@/components/ui/badge' or its corresponding type declarations.
src/components/LiveGenerationFeed.tsx(68,25): error TS1343: The 'import.meta' meta-property is only allowed when the '--module' option is 'es2020', 'es2022', 'esnext', 'system', 'node16', 'node18', or 'nodenext'.
src/components/LiveGenerationFeed.tsx(68,37): error TS2339: Property 'env' does not exist on type 'ImportMeta'.
src/components/ui/badge.tsx(4,20): error TS2307: Cannot find module '@/lib/utils' or its corresponding type declarations.
src/components/ui/button.tsx(3,20): error TS2307: Cannot find module '@/lib/utils' or its corresponding type declarations.
src/components/ui/card.tsx(2,20): error TS2307: Cannot find module '@/lib/utils' or its corresponding type declarations.
src/components/ui/checkbox.tsx(2,20): error TS2307: Cannot find module '@/lib/utils' or its corresponding type declarations.
src/components/ui/dialog.tsx(5,20): error TS2307: Cannot find module '@/lib/utils' or its corresponding type declarations.
src/components/ui/input.tsx(2,20): error TS2307: Cannot find module '@/lib/utils' or its corresponding type declarations.
src/components/ui/label.tsx(3,20): error TS2307: Cannot find module '@/lib/utils' or its corresponding type declarations.
src/components/ui/select.tsx(7,20): error TS2307: Cannot find module '@/lib/utils' or its corresponding type declarations.
src/components/ui/separator.tsx(6,20): error TS2307: Cannot find module '@/lib/utils' or its corresponding type declarations.
src/components/ui/textarea.tsx(2,20): error TS2307: Cannot find module '@/lib/utils' or its corresponding type declarations.
src/components/ui/tooltip.tsx(4,20): error TS2307: Cannot find module '@/lib/utils' or its corresponding type declarations.
src/components/ui/use-toast.ts(2,53): error TS2307: Cannot find module '@/components/ui/toast' or its corresponding type declarations.
src/components/VeevaCRMImporter.tsx(4,72): error TS2307: Cannot find module '@/lib/api' or its corresponding type declarations.
src/pages/CreatePersona.tsx(5,84): error TS2307: Cannot find module '@/lib/api' or its corresponding type declarations.
src/pages/CreatePersona.tsx(6,40): error TS2307: Cannot find module '@/lib/api' or its corresponding type declarations.
src/pages/CreatePersona.tsx(7,82): error TS2307: Cannot find module '@/lib/api' or its corresponding type declarations.
src/pages/CreatePersona.tsx(45,36): error TS2307: Cannot find module '@/components/LiveGenerationFeed' or its corresponding type declarations.
src/pages/CreatePersona.tsx(1193,63): error TS7006: Parameter 'd' implicitly has an 'any' type.
src/pages/CreatePersona.tsx(1193,66): error TS7006: Parameter 'i' implicitly has an 'any' type.
src/pages/CreatePersona.tsx(1432,21): error TS2322: Type '(id: number) => void' is not assignable to type '(brandId: number | null) => void'.
  Types of parameters 'id' and 'brandId' are incompatible.
    Type 'number | null' is not assignable to type 'number'.
      Type 'null' is not assignable to type 'number'.
